// Jest Snapshot v1, https://goo.gl/fbAQLP

exports[`Nome deve seguir a estrutura definida  1`] = `
<nome
  id="3"
  onChange={[Function]}
>
  <campoTexto
    divClasse="input-field col s12"
    id="3"
    inputClasse=""
    label="Nome (máximo de 40 caracteres)"
    maxLen={40}
    onChange={[Function]}
    placeholder=""
    type="text"
    validacoes={[Function]}
  >
    <div
      className="input-field col s12"
    >
      <input
        className=""
        id="3"
        maxLength={40}
        onChange={[Function]}
        type="text"
      />
      <label
        className="active"
        htmlFor="3"
      >
        Nome (máximo de 40 caracteres)
      </label>
    </div>
  </campoTexto>
</nome>
`;
