// Jest Snapshot v1, https://goo.gl/fbAQLP

exports[`Botões Rádio deve possuir estrutura definida  1`] = `
<botoesRadio
  botoes={
    Array [
      Object {
        "id": "radioInjuria",
        "label": "Injúria",
        "valor": "injuria",
      },
      Object {
        "id": "radioRacismo",
        "label": "Racismo",
        "valor": "racismo",
      },
    ]
  }
  classes="col s3"
  id="id"
  onChange={[Function]}
>
  <div
    className="col s3"
  >
    <div>
      <p>
        <input
          type="radio"
        />
        <label />
      </p>
    </div>
    <div>
      <p>
        <input
          type="radio"
        />
        <label />
      </p>
    </div>
  </div>
</botoesRadio>
`;
