// Jest Snapshot v1, https://goo.gl/fbAQLP

exports[`Botões Rádio deve possuir estrutura definida  1`] = `
<div
  className="col s3"
>
  <p
    key="injuria"
  >
    <div>
      <p>
        <input
          type="radio"
        />
        <label />
      </p>
    </div>
    <div>
      <p>
        <input
          type="radio"
        />
        <label />
      </p>
    </div>
  </div>
</botoesRadio>
`;
