// Jest Snapshot v1, https://goo.gl/fbAQLP

exports[`Home possui a mesma estrutura 1`] = `
<div>
  <Topbar
    leftComponent={<Logo />}
    rightComponent={
      <Nav
        history={
          Object {
            "push": [Function],
          }
        }
      />
    }
  />
  <Botao
    colored={true}
    name="denuncia"
    onClick={[Function]}
    outline={false}
    primary={false}
  >
    Denunciar Racismo
  </Botao>
  <Footer>
    <Social
      networks={
        Array [
          Object {
            "href": "#",
            "icon": "facebook-square",
            "title": "Facebook",
          },
          Object {
            "href": "#",
            "icon": "twitter",
            "title": "Twitter",
          },
          Object {
            "href": "#",
            "icon": "instagram",
            "title": "Instagram",
          },
        ]
      }
    />
  </Footer>
</div>
`;
