// Jest Snapshot v1, https://goo.gl/fbAQLP

exports[`Checkbox deve possuir estrutura definida  1`] = `
<p>
  <label
    htmlFor="souAVitima"
  >
    <Field
      component="input"
      id="souAVitima"
      name="souAVitima"
      onChange={[Function]}
      type="checkbox"
    />
    <span>
      Sou a Vítima
    </span>
  </label>
</p>
`;
