// Jest Snapshot v1, https://goo.gl/fbAQLP

exports[`Routes deve construir a pagina corretamente  1`] = `
<BrowserRouter>
  <div>
    <Menu />
    <Switch>
      <Route
        component={[Function]}
        exact={true}
        path="/"
      />
      <Route
        component={[Function]}
        exact={true}
        path="/sobre"
      />
      <Route
        component={[Function]}
        exact={true}
        path="/coletivo-enegrecer"
      />
      <Route
        component={[Function]}
        exact={true}
        path="/denunciar"
      />
      <Route
        component={[Function]}
        exact={true}
        path="/depois-denuncia"
      />
      <Route
        component={[Function]}
        exact={true}
        path="/moderador/login"
      />
    </Switch>
    <Rodape />
  </div>
</BrowserRouter>
`;
