// Jest Snapshot v1, https://goo.gl/fbAQLP

exports[`Data deve possuir estrutura definida  1`] = `
<Data
  divClasses="estado"
  id="13"
  label="Data"
  onChange={[Function]}
>
  <campoTexto
    id="13"
    inputClasse="datepicker"
    label="Data"
    maxLen={0}
    placeholder="Data"
    type="date"
  >
    <div>
      <input
        className="datepicker"
        id="13"
        maxLength={0}
        placeholder="Data"
        type="date"
      />
      <label
        className="active"
        data-success="right"
        htmlFor="13"
      >
        Data
      </label>
    </div>
  </campoTexto>
</Data>
`;
