// Jest Snapshot v1, https://goo.gl/fbAQLP

exports[`Combo Estado não deve possuir estrutura definida  1`] = `
<comboEstado
  id="13"
  onChange={[Function]}
>
  <Combobox
    divClasse="input-field col s12"
    id="13"
    itens={Array []}
    label="Selecione o Estado:"
    onChange={[Function]}
    valorPadrao="Selecione"
  >
    <div
      className="input-field col s12"
    >
      <select
        id="13"
        onChange={[Function]}
      >
        <option
          value=""
        >
          Selecione
        </option>
      </select>
      <label
        htmlFor="13"
      >
        Selecione o Estado:
      </label>
    </div>
  </Combobox>
</comboEstado>
`;
