// Jest Snapshot v1, https://goo.gl/fbAQLP

exports[`DenuncianteForm deve seguir a estrutura definida  1`] = `
<div>
  <br />
  <p>
    Informaçoes Legais
  </p>
  <br />
  <h4>
     Você conseguiu realizar um boletim de ocorrência? Ou tem informações caso você não seja a vítima? 
  </h4>
  <p>
    Essas informações são importantes para conseguirmos identificar a quantidade de vítimas que conseguem reportar esse crime. 
  </p>
  <div
    className="row"
  >
    <campoTexto
      divClasse="input-field col s6"
      id="numero-boletim"
      label="Número do Boletim de ocorrência"
      maxLen={40}
      type="text"
    />
    <campoTexto
      divClasse="input-field col s6"
      id="categoria-crime-boletim"
      label="Categoria do crime no BO"
      maxLen={40}
      type="text"
    />
  </div>
  <div
    className="row"
  >
    <campoTexto
      divClasse="input-field col s6"
      id="numero-processo"
      label="Número do Processo"
      maxLen={40}
      type="text"
    />
    <campoTexto
      divClasse="input-field col s6"
      id="orgao"
      label="Órgão"
      maxLen={40}
      type="text"
    />
  </div>
</div>
`;
