// Jest Snapshot v1, https://goo.gl/fbAQLP

exports[`Colaborador possui a mesma estrutura 1`] = `
<div
  className="col s12 m4 person"
>
  <div
    className="conteudo"
  >
    <img
      alt="Foto de Pessoa Colaboradora"
      src="http://google.com"
    />
    <div>
      <h5>
        Pessoa Colaboradora
      </h5>
      <p>
        Trabalhadora
      </p>
    </div>
  </div>
</div>
`;
