// Jest Snapshot v1, https://goo.gl/fbAQLP

exports[`Genero deve possuir estrutura definida  1`] = `
<combobox
  divClasse=""
  id="13"
  itens={
    Array [
      "Feminino",
      "Masculino",
      "Agênero",
      "Andrógino",
      "Bigênero",
      "Cisgênero (Homem cisgênero)",
      "Cisgênero (Mulher cisgênero)",
      "Duplo espírito", "Genderqueer",
      "Gênero em Dúvida",
      "Gênero Fluido",
      "Gênero Não-conformista",
      "Gênero Variante",
      "Homem para Mulher (Male to Female – MTF)",
      "Intersex", "Mulher para homem (Female to Male – FTM)",
      "Não-binário", "Nenhum",
      "Neutrois", "Pangênero",
      "Transgênero", "Transexual (Mulher Transexual)",
      "Transexual (Homem Transexual)",
      "Transmasculino", "Transfeminino"
    ]
  }
  label="Gênero"
  onChange={[Function]}
  state="genero"
  valorPadrao="Selecione"
/>
`;
