// Jest Snapshot v1, https://goo.gl/fbAQLP

exports[`Genero deve possuir estrutura definida  1`] = `
<campoTexto
  divClasse=""
  id="13"
  inputClasse="validate"
  label="Gênero (máximo de 15 caracteres)"
  maxLen={15}
  placeholder="Ex.: Feminino, Masculino, Não Binário..."
  state="genero"
  type="text"
/>
`;
