// Jest Snapshot v1, https://goo.gl/fbAQLP

exports[`validacoesCamposTestemunha renderiza o componente sem erros 1`] = `
<div>
  <h3>
    Informacões da Testemunha
  </h3>
  <br />
  <div
    className="row"
  >
    <nome
      id="nome-testemunha"
      onChange={[Function]}
      state=""
    />
  </div>
  <div
    className="row"
  >
    <genero
      divClasse="input-field col s6"
      id="genero-testemunha"
      state="generoTestemunha"
    />
    <comboRaca
      classes="col s6"
      id="raca-testemunha"
      somenteRacasVitima={false}
      state="racaTestemunha"
    />
  </div>
  <div
    className="row"
  >
    <Data
      divClasse="input-field col s6"
      id="dataNascimento-testemunha"
      label="Data de Nascimento"
      state="dataNascimentoTestemunha"
    />
    <telefone
      divClasse=""
      id="telefone-vitima"
      label="Telefone"
      state="telefoneVitima"
    />
  </div>
  <div
    className="row"
  >
    <caracteristica
      divClasse="input-field col s12"
      id="caracteristicas-testemunha"
      inputClasse="materialize-textarea"
      label="* Por favor, descreva aqui as características da testemunha (máximo de 255 caracteres)"
      state="caracteristicasTestemunha"
      type="text"
    />
  </div>
</div>
`;
