// Jest Snapshot v1, https://goo.gl/fbAQLP

exports[`DenuncianteForm deve seguir a estrutura definida  1`] = `
<div>
  <div
    className="row"
  >
    <nome
      divClasse="input-field col s12 m6 l6"
      id="nome-vitima"
      onChange={[Function]}
      state="nomeDenunciante"
      validacoes={
        Array [
          [Function],
        ]
      }
    />
    <Data
      divClasse="input-field col s12 m6 l6"
      id="data-nascimento-denunciante"
      label="Data de Nascimento"
      state="dataNascimentoDenunciante"
    />
  </div>
  <Endereco
    cidadeState="cidadeDenunciante"
    estadoInicial=""
    estadoState="estadoDenunciante"
  />
  <div
    className="row"
  >
    <telefone
      divClasse="input-field col s12 m6 l6"
      id="telefone-denunciante"
      label="Telefone"
      state="telefoneDenunciante"
    />
    <campoTexto
      divClasse="input-field col s12 m6 l6"
      id="email-denunciante"
      label="E-mail"
      maxLen={40}
      placeholder=" "
      state="emailDenunciante"
      type="text"
      validacoes={
        Array [
          [Function],
          [Function],
        ]
      }
    />
  </div>
  <div
    className="row"
  >
    <comboRaca
      divClasse="col s12 m6 l6"
      id="raca-denunciante"
      somenteRacasVitima={true}
      state="racaDenunciante"
    />
    <genero
      divClasse="col s12 m6 l6"
      id="genero-denunciante"
      state="generoDenunciante"
    />
  </div>
</div>
`;
