// Jest Snapshot v1, https://goo.gl/fbAQLP

exports[`AgressorForm deve seguir a estrutura definida  1`] = `
<div>
  <div
    className="row"
  >
    <nome
      divClasse="col s12 m6 l6"
      id="nome-agressor"
      onChange={[Function]}
      state="nomeAgressor"
      validacoes={Array []}
    />
    <Data
      divClasse="input-field col s12 m6 l6"
      id="data-nascimento-agressor"
      label="Data de Nascimento"
      state="dataNascimentoAgressor"
    />
  </div>
  <Endereco
    cidadeState="cidadeAgressor"
    estadoInicial=""
    estadoState="estadoAgressor"
  />
  <div
    className="row"
  >
    <comboRaca
      divClasse="col s12 m6 l6"
      id="raca-agressor"
      somenteRacasVitima={false}
      state="racaAgressor"
    />
    <genero
      divClasse="col s12 m6 l6"
      id="genero-agressor"
      state="generoAgressor"
    />
  </div>
  <div
    className="row"
  >
    <campoTexto
      divClasse="input-field col s12 m6 l6"
      id="descricao-agressor"
      label="Descrição do agressor"
      maxLen={100}
      placeholder=" "
      state="descricaoAgressor"
      type="text"
      validacoes={
        Array [
          [Function],
        ]
      }
    />
  </div>
</div>
`;
