// Jest Snapshot v1, https://goo.gl/fbAQLP

exports[`AgressorForm deve seguir a estrutura definida  1`] = `
<div>
  <h3>
    Você se sente confortável em dividir conosco informações sobre o agressor?
  </h3>
  <p>
    Lorem ipsum dolor sit amet, consectetur adipiscing elit. Nunc nisl mi, egestas ac ipsum sit amet, blandit posuere metus. Donec imperdiet ut mi sed posuere. Pellentesque et varius sapien.
  </p>
  <div
    className="row"
  >
    <nome
      id="nome-agressor"
      onChange={[Function]}
      state="nomeAgressor"
    />
    <campoTexto
      divClasse="input-field col s6"
      id="cidade-agressor"
      label="Cidade"
      maxLen={40}
      placeholder=""
      state="cidadeAgressor"
      type="text"
    />
  </div>
  <div
    className="row"
  >
    <genero
      divClasse="col s6"
      id="genero-agressor"
      state="generoAgressor"
    />
    <Data
      divClasse="input-field col s6"
      id="data-nascimento-agressor"
      label="Data de Nascimento"
      state="dataNascimentoAgressor"
    />
  </div>
  <div
    className="row"
  >
    <comboRaca
      divClasse="col s6"
      id="raca-agressor"
      somenteRacasVitima={false}
      state="racaAgressor"
    />
  </div>
  <div
    className="row"
  >
    <campoTexto
      divClasse="input-field col s12"
      id="descricao-agressor"
      label="Descrição do agressor"
      maxLen={100}
      placeholder=""
      state="descricaoAgressor"
      type="text"
    />
  </div>
</div>
`;
