// Jest Snapshot v1, https://goo.gl/fbAQLP

exports[`Combobox não deve possuir estrutura definida  1`] = `
<Combobox
  divClasse=""
  id=""
  itens={
    Array [
      "Item 1",
      "Item 2",
      "Item 3",
      "Item 4",
    ]
  }
  label=""
  onChange={[Function]}
  valorPadrao=""
>
  <div
    className=""
  >
    <select
      id=""
      onChange={[Function]}
    >
      <option
        value=""
      />
      <option
        key="Item 1"
        value="Item 1"
      >
         
        Item 1
         
      </option>
      <option
        key="Item 2"
        value="Item 2"
      >
         
        Item 2
         
      </option>
      <option
        key="Item 3"
        value="Item 3"
      >
         
        Item 3
         
      </option>
      <option
        key="Item 4"
        value="Item 4"
      >
         
        Item 4
         
      </option>
    </select>
    <label
      htmlFor=""
    />
  </div>
</Combobox>
`;
